// Jest Snapshot v1, https://goo.gl/fbAQLP

exports[`List component renders List UI as expected 1`] = `
Array [
  <div
    className="Card"
  >
    <button
      type="button"
    >
      delete
    </button>
    <h3 />
    <p />
  </div>,
  <div
    className="Card"
  >
    <button
      type="button"
    >
      delete
    </button>
    <h3 />
    <p />
  </div>,
  <div
    className="Card"
  >
    <button
      type="button"
    >
      delete
    </button>
    <h3 />
    <p />
  </div>,
  <div
    className="Card"
  >
    <button
      type="button"
    >
      delete
    </button>
    <h3 />
    <p />
  </div>,
]
`;
